test_altered_acceptance_identity_fails (test_driver_readiness_preparation.DriverReadinessPreparationTests) ... ok
test_bootstrap_is_expected_only_and_cannot_certify_eligible_labels (test_driver_readiness_preparation.DriverReadinessPreparationTests) ... ok
test_driver_mode_and_actual_budget_mutations_fail (test_driver_readiness_preparation.DriverReadinessPreparationTests) ... ok
test_frame_contract_rejects_role_forbidden_field_and_source_drift (test_driver_readiness_preparation.DriverReadinessPreparationTests) ... test_frozen_package_validates_actual_configs_selection_and_budget (test_driver_readiness_preparation.DriverReadinessPreparationTests) ... ERROR
test_portable_validation_keeps_frozen_population_count (test_driver_readiness_preparation.DriverReadinessPreparationTests) ... ok
test_portable_validation_rejects_each_stable_identity_collision (test_driver_readiness_preparation.DriverReadinessPreparationTests) ... ok
test_public_validate_only_cli_needs_no_private_preparation_inputs (test_driver_readiness_preparation.DriverReadinessPreparationTests) ... test_v2_angles_have_one_scalar_encoding_and_exact_tamper_check (test_structured_inputs.CanonicalV2TensorTests) ... ok
test_default_ledger_remains_v1_and_history_is_exactly_opt_in (test_structured_inputs.StructuredModuleContractTests) ... ok
test_ego_history_masks_an_invalid_current_pose (test_structured_inputs.StructuredModuleContractTests) ... ok
test_ego_history_reads_only_past_within_recording_and_masks_missing (test_structured_inputs.StructuredModuleContractTests) ... ok
test_module_and_opt_in_history_api_exist (test_structured_inputs.StructuredModuleContractTests) ... ok
test_spec_is_strict_versioned_and_defaults_to_p_state (test_structured_inputs.StructuredModuleContractTests) ... ok
test_correlated_ego_history_excludes_only_confirmed_ego_from_tensor (test_structured_inputs.StructuredReceiverTests) ... ok
test_empty_local_detections_retain_paid_remote_entity (test_structured_inputs.StructuredReceiverTests) ... ok
test_equal_competing_matches_stay_separate_and_row_order_is_irrelevant (test_structured_inputs.StructuredReceiverTests) ... ok
test_full_p_local_and_equivalent_f_have_identical_forecast_encoding (test_structured_inputs.StructuredReceiverTests) ... ok
test_fully_empty_scene_builds_all_masked_structured_input (test_structured_inputs.StructuredReceiverTests) ... ok
test_gated_match_uses_common_history_and_representative_local_anchor (test_structured_inputs.StructuredReceiverTests) ... ok
test_observations_only_p_never_calls_predictor_and_absent_values_are_masked (test_structured_inputs.StructuredReceiverTests) ... ok
test_opposite_ego_heading_remains_unresolved_and_in_tensor (test_structured_inputs.StructuredReceiverTests) ... ok
test_paid_receipts_and_previous_parent_closure_are_strict (test_structured_inputs.StructuredReceiverTests) ... ok
test_source_local_track_id_is_not_global_and_near_origin_is_unresolved (test_structured_inputs.StructuredReceiverTests) ... ok
test_validator_recomputes_association_representative_and_role (test_structured_inputs.StructuredReceiverTests) ... ok
test_validator_rejects_shape_mask_and_nonfinite_corruption (test_structured_inputs.StructuredReceiverTests) ... ok
test_validator_requires_exact_bounded_tensor_locations (test_structured_inputs.StructuredReceiverTests) ... ok
test_capacity_reports_direct_and_indirect_remote_refs_at_real_slots (test_structured_admission.StructuredAdmissionContractTests) ... ok
test_corrupt_locations_and_receipts_are_rejected_and_old_got_stays_unbound (test_structured_admission.StructuredAdmissionContractTests) ... ok
test_full_p_and_equivalent_f_keep_multirole_dependency_closure (test_structured_admission.StructuredAdmissionContractTests) ... ok
test_remote_only_f_and_ambiguous_p_report_actual_mask_coverage (test_structured_admission.StructuredAdmissionContractTests) ... ok
test_repeat_refinement_prior_only_and_reference_only_differences (test_structured_admission.StructuredAdmissionContractTests) ... ok
test_structured_audit_module_and_api_exist (test_structured_admission.StructuredAdmissionContractTests) ... ok
test_compact_does_not_round_or_merge_nearly_equal_modes (test_compact_evidence.CompactEvidenceTests) ... ok
test_compact_rejects_unknown_gt_fields_and_invalid_path_reference (test_compact_evidence.CompactEvidenceTests) ... ok
test_compact_roundtrip_preserves_modes_sources_missing_fields_and_masks (test_compact_evidence.CompactEvidenceTests) ... ok
test_prompt_uses_decodable_compact_data_and_keeps_native_task_last (test_compact_evidence.CompactEvidenceTests) ... ok
test_boundary_does_not_copy_current_frame_into_missing_past (test_planning_inputs.PlanningInputTests) ... ok
test_ego_motion_uses_past_localization_without_future_pose (test_planning_inputs.PlanningInputTests) ... ok
test_missing_real_frame_and_invalid_index_fail_explicitly (test_planning_inputs.PlanningInputTests) ... ok
test_native_answer_parsing_rejects_ambiguity_and_wrong_length (test_planning_inputs.PlanningInputTests) ... ok
test_only_ego_past_and_current_are_loaded_with_original_axes (test_planning_inputs.PlanningInputTests) ... ok
test_prompt_requires_generated_q8_and_rejects_extra_state_fields (test_planning_inputs.PlanningInputTests) ... ok
test_task_question_follows_evidence_without_copyable_answer_placeholders (test_planning_inputs.PlanningInputTests) ... ok
test_causal_window_rebases_history_into_current_ego_frame (test_protocol.ProtocolTests) ... ok
test_cooperating_vehicle_remains_an_obstacle (test_protocol.ProtocolTests) ... ok
test_invalid_prediction_is_not_treated_as_clear_road (test_protocol.ProtocolTests) ... ok
test_late_ego_annotation_is_not_a_future_obstacle (test_protocol.ProtocolTests) ... ok
test_missing_action_frame_is_rejected_before_scoring (test_protocol.ProtocolTests) ... ok
test_multiple_evaluation_directories_are_not_silently_selected (test_protocol.ProtocolTests) ... ok
test_raw_export_does_not_fill_a_gap_with_future_observations (test_protocol.ProtocolTests) ... ok
test_summary_does_not_invent_bandwidth_or_four_way_ties (test_protocol.ProtocolTests) ... ok
test_window_keeps_masked_gaps_and_remote_only_targets (test_protocol.ProtocolTests) ... ok
test_causal_window_rejects_boolean_numeric_lists (test_task_spec.TaskSpecTests) ... ok
test_difference_precedes_time_and_mode_aggregation (test_task_spec.TaskSpecTests) ... ok
test_execution_spec_roundtrip_and_experimental_parameters (test_task_spec.TaskSpecTests) ... ok
test_f_accepts_valid_list_backed_window (test_task_spec.TaskSpecTests) ... ok
test_f_fallback_matches_causal_history_and_static_anchor (test_task_spec.TaskSpecTests) ... ok
test_f_requires_aligned_full_predictor_output (test_task_spec.TaskSpecTests) ... ok
test_field_identity_is_structural_and_has_no_request_or_path_identity (test_task_spec.TaskSpecTests) ... ok
test_geometry_is_stable_across_dtypes_and_large_finite_coordinates (test_task_spec.TaskSpecTests) ... ok
test_history_gap_uses_actual_dt_and_short_history_is_marked (test_task_spec.TaskSpecTests) ... ok
test_near_relation_change_beats_far_distance_change (test_task_spec.TaskSpecTests) ... ok
test_numeric_arrays_reject_mixed_boolean_leaves (test_task_spec.TaskSpecTests) ... ok
test_receipt_is_provider_recorded_and_field_exact (test_task_spec.TaskSpecTests) ... ok
test_request_rejects_wrong_time_coordinates_future_and_unchanged_change (test_task_spec.TaskSpecTests) ... ok
test_sigma_and_ego_geometry_affect_relation_scores (test_task_spec.TaskSpecTests) ... ok
test_task_changes_ranking_and_ties_ignore_input_order (test_task_spec.TaskSpecTests) ... ok
test_tracking_proxy_rejects_future_and_nonboolean_validity (test_task_spec.TaskSpecTests) ... ok
test_trajectory_limits_come_from_execution_spec (test_task_spec.TaskSpecTests) ... ok
test_window_rejects_extra_future_fields_and_inconsistent_eligibility (test_task_spec.TaskSpecTests) ... ok
test_budget_empty_response_preserves_valid_prediction_cache (test_vehicle_tools.TaskVehicleTests) ... ok
test_change_is_executed_not_just_a_request_label (test_vehicle_tools.TaskVehicleTests) ... ok
test_decoder_checks_proxy_labels_and_fallback_values (test_vehicle_tools.TaskVehicleTests) ... ok
test_decoder_rejects_boolean_numeric_payloads (test_vehicle_tools.TaskVehicleTests) ... ok
test_decoder_rejects_nonpositive_valid_history_dimensions (test_vehicle_tools.TaskVehicleTests) ... ok
test_decoder_rejects_tampered_schema_identity_reference_and_values (test_vehicle_tools.TaskVehicleTests) ... ok
test_empty_source_and_valid_short_history_fallback_remain_explicit (test_vehicle_tools.TaskVehicleTests) ... ok
test_f_keeps_complete_context_before_selection_and_accounts_cache (test_vehicle_tools.TaskVehicleTests) ... ok
test_f_then_p_references_anchor_and_adds_original_history (test_vehicle_tools.TaskVehicleTests) ... ok
test_final_utf8_wire_cap_includes_header_and_whole_bundles (test_vehicle_tools.TaskVehicleTests) ... ok
test_forged_unknown_cross_context_and_derived_receipts_are_rejected (test_vehicle_tools.TaskVehicleTests) ... ok
test_full_p_does_not_claim_receiver_derived_f_is_already_owned (test_vehicle_tools.TaskVehicleTests) ... ok
test_invalid_provider_window_is_not_forecast_and_failure_is_recorded (test_vehicle_tools.TaskVehicleTests) ... ok
test_list_predictor_fields_rejected_without_poisoning_cache (test_vehicle_tools.TaskVehicleTests) ... ok
test_mixed_boolean_request_arrays_rejected_before_private_read (test_vehicle_tools.TaskVehicleTests) ... ok
test_no_new_fields_is_paid_and_not_free_space (test_vehicle_tools.TaskVehicleTests) ... ok
test_p_task_changes_real_selection_and_never_runs_mtr (test_vehicle_tools.TaskVehicleTests) ... ok
test_predictor_cannot_revise_issued_context_or_pollute_it_on_failure (test_vehicle_tools.TaskVehicleTests) ... ok
test_preflight_caps_and_episode_budget_reject_before_private_read (test_vehicle_tools.TaskVehicleTests) ... ok
test_receipts_exclude_computed_but_unsent_fields_and_other_sessions (test_vehicle_tools.TaskVehicleTests) ... ok
test_registry_is_not_mutable_through_response_or_run_record (test_vehicle_tools.TaskVehicleTests) ... ok
test_remaining_episode_budget_cannot_be_reset_by_next_request (test_vehicle_tools.TaskVehicleTests) ... ok
test_request_requires_json_native_containers_before_private_read (test_vehicle_tools.TaskVehicleTests) ... ok
test_second_p_only_returns_unacknowledged_fields (test_vehicle_tools.TaskVehicleTests) ... ok
test_two_call_bound_profile_freeze_and_replayed_ids (test_vehicle_tools.TaskVehicleTests) ... ok
test_v1_does_not_prewarm_v2_and_unacknowledged_retransmission_keeps_identity (test_vehicle_tools.TaskVehicleTests) ... ok
test_valid_history_dimensions_positive_missing_placeholders_allowed (test_vehicle_tools.TaskVehicleTests) ... ok
test_cost_separates_new_model_fallback_and_roi_returned_targets (test_vehicle_tools.VehicleToolTests) ... ok
test_evidence_rejects_different_record_even_with_same_frame_number (test_vehicle_tools.VehicleToolTests) ... ok
test_full_p_history_round_trips_for_same_information_control (test_vehicle_tools.VehicleToolTests) ... ok
test_no_remote_read_before_query_and_roi_does_not_remove_model_context (test_vehicle_tools.VehicleToolTests) ... ok
test_provider_checks_query_and_keeps_empty_distinct_from_observed_free_space (test_vehicle_tools.VehicleToolTests) ... ok
test_provider_never_caches_a_window_from_another_record_or_time (test_vehicle_tools.VehicleToolTests) ... ok
test_receiver_rejects_future_mismatched_and_extra_payload_fields (test_vehicle_tools.VehicleToolTests) ... ok
test_certificate_omitted_at_cap_then_no_new_fields_can_change_context (test_evidence_ledger.EvidenceLedgerTests) ... ok
test_default_v1_list_window_matches_array_window (test_evidence_ledger.EvidenceLedgerTests) ... ok
test_equal_numbers_from_different_contexts_are_not_equivalent (test_evidence_ledger.EvidenceLedgerTests) ... ok
test_f_needs_its_own_matching_predictor_binding (test_evidence_ledger.EvidenceLedgerTests) ... ok
test_f_only_anchors_do_not_expand_local_p_prediction_context (test_evidence_ledger.EvidenceLedgerTests) ... ok
test_f_then_p_resolves_receipt_anchor_and_keeps_derived_separate (test_evidence_ledger.EvidenceLedgerTests) ... ok
test_failed_derivation_retains_paid_e_and_no_partial_derived_records (test_evidence_ledger.EvidenceLedgerTests) ... ok
test_full_p_certificate_is_paid_and_restores_actual_input_order (test_evidence_ledger.EvidenceLedgerTests) ... ok
test_injected_or_changed_receipt_content_is_rejected (test_evidence_ledger.EvidenceLedgerTests) ... ok
test_invalid_paid_response_preserves_raw_attempt_but_no_legal_e (test_evidence_ledger.EvidenceLedgerTests) ... ok
test_opt_in_history_accepts_full_list_window (test_evidence_ledger.EvidenceLedgerTests) ... ok
test_partial_p_never_certifies_unknown_tracks (test_evidence_ledger.EvidenceLedgerTests) ... ok
test_retransmission_is_paid_but_not_new_evidence_or_prediction (test_evidence_ledger.EvidenceLedgerTests) ... ok
test_same_version_different_predictor_binding_does_not_prove_equivalence (test_evidence_ledger.EvidenceLedgerTests) ... ok
test_two_p_accumulate_remote_fields_and_recompute_only_effective_context (test_evidence_ledger.EvidenceLedgerTests) ... ok
test_derived_z_requires_exact_nonempty_context_parent_chain (test_evidence_ledger.TaskReceiverTests) ... ok
test_fabricated_acquired_field_cannot_enter_z (test_evidence_ledger.TaskReceiverTests) ... ok
test_full_p_and_equivalent_f_have_identical_z_and_prompt (test_evidence_ledger.TaskReceiverTests) ... ok
test_round_robin_receiver_skips_oversize_unit_and_preserves_ego (test_evidence_ledger.TaskReceiverTests) ... ok
test_round_robin_receiver_spreads_units_then_keeps_distinct_contexts (test_evidence_ledger.TaskReceiverTests) ... ok
test_same_final_information_ignores_request_labels_and_old_derivations (test_evidence_ledger.TaskReceiverTests) ... ok
test_serialized_ledger_rebuilds_the_same_prompt (test_evidence_ledger.TaskReceiverTests) ... ok
test_small_capacity_retains_e_and_reports_exact_dropped_refs (test_evidence_ledger.TaskReceiverTests) ... ok
test_v2_codec_preserves_fields_and_rejects_future_payload (test_evidence_ledger.TaskReceiverTests) ... ok
test_zero_peer_reserve_is_recorded_for_ego_max_context (test_evidence_ledger.TaskReceiverTests) ... ok
test_interact_forbids_labels_uses_one_driver_and_archives_real_boundaries (test_method_episode.InteractionRunnerTests) ... ok
test_interruption_resume_reuses_only_first_terminal_sample_without_loading_its_model_again (test_method_episode.InteractionRunnerTests) ... ok
test_resume_reuses_terminal_prefix_including_failures_and_preserves_partial_tail (test_method_episode.InteractionRunnerTests) ... ok
test_actual_response_drives_revision_then_second_change_request (test_method_episode.MethodEpisodeTests) ... ok
test_budget_preflight_uses_full_manifest_and_never_reads_unpaid_peer (test_method_episode.MethodEpisodeTests) ... ok
test_change_first_response_changes_second_action_to_stop (test_method_episode.MethodEpisodeTests) ... ok
test_first_change_and_unchanged_change_are_illegal (test_method_episode.MethodEpisodeTests) ... ok
test_fixed_diagnostic_ids_schedule_only_current_receipt_count (test_method_episode.MethodEpisodeTests) ... ok
test_invalid_initial_or_intermediate_answer_preserves_raw_and_stops (test_method_episode.MethodEpisodeTests) ... ok
test_invalid_wire_keeps_raw_bytes_cost_and_never_becomes_a_revision (test_method_episode.MethodEpisodeTests) ... ok
test_missing_response_cost_preserves_bytes_and_fails_without_new_plan (test_method_episode.MethodEpisodeTests) ... ok
test_online_episode_does_not_open_future_labels (test_method_episode.MethodEpisodeTests) ... ok
test_paid_response_and_e_survive_receiver_prediction_failure (test_method_episode.MethodEpisodeTests) ... ok
test_parsed_but_abnormal_path_does_not_become_task_parameters (test_method_episode.MethodEpisodeTests) ... ok
test_policy_gets_only_visible_snapshot_and_cannot_choose_a_path_or_manifest (test_method_episode.MethodEpisodeTests) ... ok
test_response_persisted_before_receiver_and_interruption_is_not_completion (test_method_episode.MethodEpisodeTests) ... ok
test_same_instance_configuration_cannot_drift_between_revisions (test_method_episode.MethodEpisodeTests) ... ok
test_service_and_driver_failures_keep_spent_costs_without_fake_completion (test_method_episode.MethodEpisodeTests) ... ok
test_zero_one_two_caps_and_stop_never_add_an_extra_generation (test_method_episode.MethodEpisodeTests) ... ok
test_expected_denominator_keeps_initial_invalid_missing_and_duplicate_artifacts (test_method_evaluation.MethodArchiveTests) ... ok
test_labels_are_joined_by_identity_and_evaluation_does_not_read_artifact_features (test_method_evaluation.MethodArchiveTests) ... ok
test_non_string_accounting_version_is_retained_as_invalid_category (test_method_evaluation.MethodArchiveTests) ... ok
test_abnormal_but_parsed_answer_retains_raw_error_and_fails_admissibility (test_method_evaluation.MethodEvaluationTests) ... ok
test_conflicting_artifact_records_are_preserved_but_excluded_from_means (test_method_evaluation.MethodEvaluationTests) ... ok
test_duplicate_stage_or_false_final_pointer_cannot_be_scored_as_success (test_method_evaluation.MethodEvaluationTests) ... ok
test_failed_input_build_preserves_measured_duration_in_cost_events (test_method_evaluation.MethodEvaluationTests) ... ok
test_interruption_after_response_keeps_wire_but_pending_receiver_is_unknown (test_method_evaluation.MethodEvaluationTests) ... ok
test_middle_invalid_output_keeps_all_cost_and_never_uses_previous_valid_as_final (test_method_evaluation.MethodEvaluationTests) ... ok
test_missing_preparation_record_does_not_invent_zero_model_cost (test_method_evaluation.MethodEvaluationTests) ... ok
test_no_labels_or_invalid_last_label_never_changes_parse_or_execution_success (test_method_evaluation.MethodEvaluationTests) ... ok
test_old_saved_160_answers_keep_identical_raw_ade_fde_in_new_stage_reader (test_method_evaluation.MethodEvaluationTests) ... ok
test_requested_but_unrecorded_service_cost_is_unknown_not_free (test_method_evaluation.MethodEvaluationTests) ... ok
test_same_global_frame_different_recording_label_mismatch_is_explicit (test_method_evaluation.MethodEvaluationTests) ... ok
test_stop_counts_one_driver_and_no_remote_work_without_guessing_gpu_flops (test_method_evaluation.MethodEvaluationTests) ... ok
test_three_driver_calls_sum_outer_times_and_keep_model_subitems_separate (test_method_evaluation.MethodEvaluationTests) ... ok
test_unknown_generation_preserves_measured_time_bytes_and_excludes_unknown_tokens (test_method_evaluation.MethodEvaluationTests) ... ok
test_dispatch_failure_keeps_decision_stage_incomplete (test_decision_accounting.DecisionAccountingTests) ... ok
test_exact_repeat_accounts_only_the_final_actual_decision (test_decision_accounting.DecisionAccountingTests) ... ok
test_missing_and_legacy_timing_are_unknown_but_explicit_old_timing_remains_usable (test_decision_accounting.DecisionAccountingTests) ... ok
test_no_call_budget_stop_has_one_explicit_zero_duration_decision (test_decision_accounting.DecisionAccountingTests) ... ok
test_none_and_explicit_feedback_both_measure_policy_time_without_persistence (test_decision_accounting.DecisionAccountingTests) ... ok
test_policy_exception_before_decision_append_keeps_known_incomplete_prefix (test_decision_accounting.DecisionAccountingTests) ... ok
test_prefix_reuse_keeps_existing_stage_and_accounts_only_new_decisions (test_decision_accounting.DecisionAccountingTests) ... ok
test_progress_interruption_preserves_known_but_incomplete_decision_stage (test_decision_accounting.DecisionAccountingTests) ... ok
test_bundle_episode_has_one_external_round_two_primitives_and_no_mid_driver (test_method_controls.ControlTests) ... ok
test_control_costs_count_extra_generations_without_service (test_method_controls.ControlTests) ... ok
test_control_driver_quota_prevents_a_request_without_revision_capacity (test_method_controls.ControlTests) ... ok
test_ego_max_context_removes_remote_reservation (test_method_controls.ControlTests) ... ok
test_exact_repeat_spends_three_generations_and_no_remote_calls (test_method_controls.ControlTests) ... ok
test_frozen_feedback_masks_policy_and_request_but_keeps_real_driver_revision (test_method_controls.ControlTests) ... ok
test_interact_registers_explicit_control_spec_and_archives_t5_rows (test_method_controls.ControlTests) ... ok
test_interrupted_control_decision_cost_is_unknown (test_method_controls.ControlTests) ... ok
test_invalid_extra_generation_never_falls_back_to_prior_answer (test_method_controls.ControlTests) ... ok
test_new_evidence_and_fixed_evidence_reserve_same_refinement_slot (test_method_controls.ControlTests) ... ok
test_old_five_schedulers_have_explicit_common_receiver_arms (test_method_controls.ControlTests) ... ok
test_old_union_have_equal_candidate_counts_and_bind_actual_pair (test_method_controls.ControlTests) ... ok
test_one_shot_can_use_remaining_generation_quota_without_buying_again (test_method_controls.ControlTests) ... ok
test_prefix_rejects_changed_feature_values_and_different_driver (test_method_controls.ControlTests) ... ok
test_real_first_response_prefix_is_reused_for_second_request_ablation (test_method_controls.ControlTests) ... ok
test_refinement_keeps_evidence_and_uses_actual_previous_answer (test_method_controls.ControlTests) ... ok
test_refinement_pair_cannot_add_an_unreserved_slot_to_a_direct_prefix (test_method_controls.ControlTests) ... ok
test_repeat_after_first_call_keeps_received_z_not_ego_z (test_method_controls.ControlTests) ... ok
test_second_request_refinement_pair_shares_real_prefix_and_slot (test_method_controls.ControlTests) ... ok
test_wrapper_rejects_forged_previous_output_and_overflow_without_dropping_z (test_method_controls.ControlTests) ... ok
test_actual_outer_wrappers_are_not_free_when_reserve_is_too_small (test_control_bundle.ControlBundleTests) ... ok
test_budget_candidates_summary_and_unknown_policy_fail_before_private_access (test_control_bundle.ControlBundleTests) ... ok
test_condition_cannot_invent_candidate_handle_or_enlarge_frozen_limits (test_control_bundle.ControlBundleTests) ... ok
test_f_then_f_records_paid_cache_reuse_without_extra_prediction (test_control_bundle.ControlBundleTests) ... ok
test_field_lengths_use_declared_complete_wire_budgets (test_control_bundle.ControlBundleTests) ... ok
test_first_private_load_failure_is_a_charged_bundle_attempt (test_control_bundle.ControlBundleTests) ... ok
test_first_real_response_selects_stop_or_second_f_without_free_prediction (test_control_bundle.ControlBundleTests) ... ok
test_max_one_call_does_not_run_continuation_and_costs_its_sent_candidates (test_control_bundle.ControlBundleTests) ... ok
test_policy_mutations_cannot_change_sent_candidates_or_budget (test_control_bundle.ControlBundleTests) ... ok
test_receiver_uses_actual_outer_wire_and_provider_issued_inner_receipts (test_control_bundle.ControlBundleTests) ... ok
test_second_p_and_f_first_use_the_same_executor_and_cache (test_control_bundle.ControlBundleTests) ... ok
test_second_prediction_failure_preserves_charged_first_response_and_costs (test_control_bundle.ControlBundleTests) ... ok
test_old_union_have_distinct_ranking_and_v2_rejects_control_modes (test_control_bundle.ControlRankingTests) ... ok
test_roi_uses_full_f_context_but_returns_only_current_roi_targets (test_control_bundle.ControlRankingTests) ... ok
test_union_keeps_same_future_time_and_mode_coordinates (test_control_bundle.ControlRankingTests) ... ok
test_ego_result_is_invariant_to_peer_contents (test_vehicle_probe.VehicleProbeTests) ... ok
test_empty_packet_is_valid_but_stale_or_nan_is_rejected (test_vehicle_probe.VehicleProbeTests) ... ok
test_history_transferred_to_local_matches_remote_compute (test_vehicle_probe.VehicleProbeTests) ... ok
test_id_collision_does_not_remove_a_remote_only_target (test_vehicle_probe.VehicleProbeTests) ... ok
test_known_velocity_and_short_history_fallback (test_vehicle_probe.VehicleProbeTests) ... ok
test_offline_score_on_hand_checked_stationary_target (test_vehicle_probe.VehicleProbeTests) ... ok
test_one_to_one_geometry_and_pf_deduplication (test_vehicle_probe.VehicleProbeTests) ... ok
test_only_ego_footprint_is_filtered (test_vehicle_probe.VehicleProbeTests) ... ok
test_reference_uses_only_past_ego_poses (test_vehicle_probe.VehicleProbeTests) ... ok
test_stop_candidate_is_marked_infeasible_if_all_candidates_conflict (test_vehicle_probe.VehicleProbeTests) ... ok
test_common_target_scores_exclude_new_targets_from_accuracy_delta (test_learned_probe.LearnedProbeTests) ... ok
test_labels_keep_unmatched_targets_and_mask_missing_future (test_learned_probe.LearnedProbeTests) ... ok
test_learned_residual_rotates_back_from_target_heading (test_learned_probe.LearnedProbeTests) ... ok
test_masked_positions_and_identity_do_not_enter_features (test_learned_probe.LearnedProbeTests) ... ok
test_paired_scoring_uses_common_keys_and_same_truth (test_learned_probe.LearnedProbeTests) ... ok
test_ridge_recovers_known_mapping_with_missing_labels (test_learned_probe.LearnedProbeTests) ... ok
test_summary_is_velocity_capable_and_excludes_history (test_learned_probe.LearnedProbeTests) ... ok
test_zero_model_is_cv_and_same_information_survives_wire (test_learned_probe.LearnedProbeTests) ... ok
test_configured_data_root_supplies_localization (test_review_portability.ReviewPortabilityTests) ... ok
test_framework_archive_keeps_actual_query_costs_and_early_stops (test_saved_review_evidence.SavedReviewEvidenceTests) ... ok
test_framework_generations_match_causal_prompts_and_independent_metrics (test_saved_review_evidence.SavedReviewEvidenceTests) ... ok
test_full_p_recomputation_matches_f_for_the_same_peer_targets (test_saved_review_evidence.SavedReviewEvidenceTests) ... ok
test_real_compact_failure_is_preserved_beside_parseable_baseline (test_saved_review_evidence.SavedReviewEvidenceTests) ... ok
test_saved_supervision_uses_the_generated_parent_and_separate_targets (test_saved_review_evidence.SavedReviewEvidenceTests) ... ok
test_archived_wire_equality_is_checked_for_every_requested_tool (test_wire_comparison.WireComparisonTests) ... ok
test_equal_evidence_and_equal_sizes_do_not_hide_different_wire (test_wire_comparison.WireComparisonTests) ... ok
test_missing_packets_are_unchecked (test_wire_comparison.WireComparisonTests) ... ok
test_no_label_targets_and_nonfinite_predictions_are_explicit (test_prediction_evaluation.PredictionEvaluationTests) ... ok
test_pairing_keeps_target_identity_and_rejects_changed_coverage (test_prediction_evaluation.PredictionEvaluationTests) ... ok
test_top1_is_score_selected_and_missing_endpoint_is_not_scored (test_prediction_evaluation.PredictionEvaluationTests) ... ok
test_missing_last_label_does_not_substitute_an_earlier_endpoint (test_planning_evaluation.PlanningEvaluationTests) ... ok
test_parse_failure_and_wrong_q8_remain_in_aggregate (test_planning_evaluation.PlanningEvaluationTests) ... ok
test_repeated_far_points_retain_initial_jump_but_stationary_origin_is_valid (test_planning_evaluation.PlanningEvaluationTests) ... ok
test_fixed_unique_group_quota_and_no_downstream_fields (test_evidence_audit.EvidenceAuditTests) ... ok
test_history_check_rejects_future_timestamp (test_evidence_audit.EvidenceAuditTests) ... ok
test_independent_history_check_detects_wrong_reference_frame (test_evidence_audit.EvidenceAuditTests) ... ok
test_insufficient_group_is_not_silently_replaced (test_evidence_audit.EvidenceAuditTests) ... ok
test_near_stationary_position_noise_is_not_a_turn (test_evidence_audit.EvidenceAuditTests) ... ok
test_pf_deduplicates_peer_ids_but_preserves_capability_records (test_evidence_audit.EvidenceAuditTests) ... ok
test_aggregate_response_exceeds_one_packet_cap_but_keeps_equal_total_budget (test_budget_review.BudgetReviewTests) ... ok
test_cli_archives_both_budget_modes_with_distinct_branches (test_budget_review.BudgetReviewTests) ... ok
test_control_compute_excludes_seven_seconds_of_decision_persistence (test_budget_review.BudgetReviewTests) ... ok
test_default_one_shot_sends_a_budgeted_nonempty_summary (test_budget_review.BudgetReviewTests) ... ok
test_large_local_context_does_not_force_ego_and_tiny_budget_records_forced_stop (test_budget_review.BudgetReviewTests) ... ok
test_legacy_control_time_is_kept_as_diagnostic_but_not_used_as_compute (test_budget_review.BudgetReviewTests) ... ok
test_payable_current_remains_available_when_change_exceeds_request_cap (test_budget_review.BudgetReviewTests) ... ok
test_per_rpc_and_episode_aggregate_budgets_are_explicit_different_conditions (test_budget_review.BudgetReviewTests) ... ok
test_public_aggregate_cap_does_not_raise_total_budget_or_allow_oversize_wire (test_budget_review.BudgetReviewTests) ... ok
test_summary_byte_and_field_limits_are_explicit (test_budget_review.BudgetReviewTests) ... ok
test_summary_selection_is_deterministic_and_keeps_local_fields_when_room_exists (test_budget_review.BudgetReviewTests) ... ok
test_branch_input_audit_keeps_own_reads_and_no_sibling_reads (test_query_data.BranchTests) ... ok
test_cli_collect_method_uses_the_original_runtime_adapter_without_labels (test_query_data.BranchTests) ... ok
test_collection_does_not_read_labels_and_changed_gt_does_not_change_queries (test_query_data.BranchTests) ... ok
test_failed_first_branch_has_no_children_and_preserves_failure (test_query_data.BranchTests) ... ok
test_full_tree_has_eleven_driver_calls_shared_prefixes_and_no_sibling_cache (test_query_data.BranchTests) ... ok
test_infeasible_actions_are_preserved_without_paid_execution (test_query_data.BranchTests) ... ok
test_initial_prefix_is_shared_without_regeneration_or_peer_reads (test_query_data.BranchTests) ... ok
test_online_index_rejects_labels_and_recording_split_conflicts_before_runtime (test_query_data.BranchTests) ... ok
test_semantic_binding_ignores_paths_load_time_and_run_local_predictor_id (test_query_data.BranchTests) ... ok
test_service_fork_keeps_paid_prefix_but_isolates_sibling_forecast_and_receipts (test_query_data.BranchTests) ... ok
test_control_grammars_keep_frozen_mask_and_bind_old_union_requests (test_query_data.TargetTests) ... ok
test_copied_gt_field_in_saved_state_is_rejected_before_teacher (test_query_data.TargetTests) ... ok
test_first_failure_uses_failure_loss_without_teacher_or_fake_children (test_query_data.TargetTests) ... ok
test_first_targets_follow_frozen_teacher_even_when_stop_is_better (test_query_data.TargetTests) ... ok
test_initial_failure_keeps_sample_denominator_without_inventing_targets (test_query_data.TargetTests) ... ok
test_missing_first_continuation_tree_cannot_be_relabelled_as_stop (test_query_data.TargetTests) ... ok
test_missing_weights_and_old_or_missing_costs_are_rejected (test_query_data.TargetTests) ... ok
test_missing_z_and_duplicate_or_relabelled_branches_are_rejected (test_query_data.TargetTests) ... ok
test_teacher_recording_overlap_binding_drift_and_illegal_action_are_rejected (test_query_data.TargetTests) ... ok
test_teacher_selects_before_gt_is_read_and_stop_only_charges_first_request (test_query_data.TargetTests) ... ok
test_terminal_supervision_preserves_both_improvement_and_harm (test_query_data.TargetTests) ... ok
test_terminal_targets_use_incremental_cost_and_stop_zero (test_query_data.TargetTests) ... ok
test_acquired_requires_receipt_and_admission_cannot_name_unknown_evidence (test_query_value.FeatureTests) ... ok
test_features_are_ordered_causal_and_detached (test_query_value.FeatureTests) ... ok
test_initial_change_and_exhausted_calls_are_masked (test_query_value.FeatureTests) ... ok
test_missing_old_and_motion_have_explicit_bits_not_imputed_observations (test_query_value.FeatureTests) ... ok
test_selection_stop_zero_ties_and_feasibility (test_query_value.FeatureTests) ... ok
test_unknown_gt_unbought_and_candidate_outcomes_fail_closed (test_query_value.FeatureTests) ... ok
test_algebraically_consistent_terminal_loss_contamination_is_rejected_before_fit (test_query_value.DatasetTests) ... ok
test_first_target_quality_is_recomputed_for_the_actual_chosen_continuation (test_query_value.DatasetTests) ... ok
test_label_values_never_change_feature_vectors_and_missing_rows_rejected (test_query_value.DatasetTests) ... ok
test_quality_reload_keeps_weighted_fde_failure_and_stop_contracts (test_query_value.DatasetTests) ... ok
test_target_quality_requires_independent_matching_offline_labels (test_query_value.DatasetTests) ... ok
test_training_rows_join_actual_online_states_and_keep_recording_holdout (test_query_value.DatasetTests) ... ok
test_candidate_features_use_only_sent_paths_and_real_first_response (test_query_value.BundleFeatureTests) ... ok
test_controls_require_equal_capacity_groups_updates_and_supervision (test_query_value.TrainingAuditTests) ... ok
test_bundle_binding_hook_has_no_predictor_object_and_cannot_change_sent_data (test_query_value.MetadataBindingTests) ... ok
test_executor_binding_hook_only_receives_detached_json_metadata (test_query_value.MetadataBindingTests) ... ok
test_actual_first_return_is_shared_but_each_suffix_is_executed_and_charged (test_bundle_data.BundlePrefixTests) ... ok
test_fork_deployment_cost_charges_setup_once_like_a_fresh_bundle (test_bundle_data.BundlePrefixTests) ... ok
test_bundle_fitter_accepts_original_train_role (test_bundle_data.BundleDataTests) ... ok
test_bundle_fitter_rejects_original_validation_role_before_fit (test_bundle_data.BundleDataTests) ... ok
test_collection_has_real_terminals_same_first_packet_and_no_ego_revision_on_peer (test_bundle_data.BundleDataTests) ... ok
test_failed_initial_and_public_infeasible_first_keep_full_sample_coverage (test_bundle_data.BundleDataTests) ... ok
test_measured_adapter_rejects_unaudited_declarations_and_cost_rebinding (test_bundle_data.BundleDataTests) ... ok
test_missing_labels_and_failed_terminal_are_retained_without_success_substitution (test_bundle_data.BundleDataTests) ... ok
test_online_rejects_gt_before_loading_and_archive_rejects_missing_candidate (test_bundle_data.BundleDataTests) ... ok
test_terminal_labels_recomputed_from_outer_wire_cost_and_final_driver (test_bundle_data.BundleDataTests) ... ok
test_actual_driver_training_identity_is_bound_but_paths_can_move (test_bundle_data.RuntimeIdentityTests) ... ok
test_bad_selected_checkpoint_fails_before_runtime_or_output_creation (test_method_run_spec.MethodRunSpecTests) ... ok
test_bundle_collection_entry_passes_original_runtime_factory_to_exact_collector_api (test_method_run_spec.MethodRunSpecTests) ... ok
test_bundle_only_run_rejects_non_diagnostic_outer_policy_before_runtime (test_method_run_spec.MethodRunSpecTests) ... ok
test_freeze_is_json_only_and_records_exact_sample_role_and_fold (test_method_run_spec.MethodRunSpecTests) ... ok
test_interact_uses_explicit_shared_checkpoint_and_freezes_it_before_runtime (test_method_run_spec.MethodRunSpecTests) ... ok
test_predictor_load_identity_uses_checkpoint_metadata_and_ignores_paths (test_method_run_spec.MethodRunSpecTests) ... ok
test_resume_rejects_non_python_mtr_config_change_before_runtime (test_method_run_spec.MethodRunSpecTests) ... ok
test_resume_rejects_replaced_checkpoint_at_the_same_path (test_method_run_spec.MethodRunSpecTests) ... ok
test_runtime_binding_is_checked_before_original_models_are_prepared (test_method_run_spec.MethodRunSpecTests) ... ok
test_snapshot_loads_only_role_appropriate_kinds_and_saves_provenance (test_method_run_spec.MethodRunSpecTests) ... ok
test_admission_skips_an_oversize_unit_and_keeps_exact_attempt_totals (test_t9_admission.T9AdmissionAuditTests) ... ok
test_request_stage_and_first_visible_stage_follow_outer_events (test_t9_admission.T9AdmissionAuditTests) ... ok
test_round_robin_keeps_distinct_context_units_and_cycles_targets (test_t9_admission.T9AdmissionAuditTests) ... ok
test_two_one_shot_receipts_share_the_saved_plan_stage (test_t9_admission.T9AdmissionAuditTests) ... ok
test_direct_supervision_reuses_the_remote_block_without_q8 (test_paired_driving.PairedInputTests) ... ok
test_discontinuity_rule_has_exact_closed_future_and_open_history_boundary (test_paired_driving.PairedInputTests) ... ok
test_remote_block_preserves_literal_ego_block_and_rejects_wrong_time (test_paired_driving.PairedInputTests) ... ok
test_actual_p_result_changes_second_query (test_framework_episode.EpisodeTests) ... ok
test_budget_stops_fixed_pf_after_real_p (test_framework_episode.EpisodeTests) ... ok
test_empty_p_does_not_become_observed_free_space (test_framework_episode.EpisodeTests) ... ok
test_p_can_be_received_without_running_local_predictor (test_framework_episode.EpisodeTests) ... ok
test_receiver_failure_keeps_p_response_and_actual_cost (test_framework_episode.EpisodeTests) ... ok
test_service_failure_keeps_attempt_and_marks_unknown_cost (test_framework_episode.EpisodeTests) ... ok
test_stop_does_not_access_remote_source (test_framework_episode.EpisodeTests) ... ok
test_actual_interact_archive_flows_into_offline_method_evaluation (test_framework_pipeline.PipelineTests) ... ok
test_incomplete_generation_cannot_be_published_as_completed (test_framework_pipeline.PipelineTests) ... ok
test_metric_summary_preserves_invalid_attempts_and_pairs_only_valid_answers (test_framework_pipeline.PipelineTests) ... ok
test_offline_export_preserves_prompt_and_rejects_role_or_frame_mismatch (test_framework_pipeline.PipelineTests) ... ok
test_preparation_resume_reuses_only_complete_frames_and_rejects_drift (test_framework_pipeline.PipelineTests) ... ok
test_sampling_counts_physical_recordings_across_scene_segments (test_framework_pipeline.PipelineTests) ... ok
test_training_order_balances_actions_and_resume_does_not_replay_rows (test_framework_pipeline.PipelineTests) ... ok
test_direct_evaluation_excludes_q8_and_retains_trajectory_failures (test_direct_planning.DirectPlanningInputTests) ... ok
test_direct_prompt_has_no_action_parent_and_old_chain_stays_strict (test_direct_planning.DirectPlanningInputTests) ... ok
test_direct_supervision_contains_only_trajectory_target (test_direct_planning.DirectPlanningInputTests) ... ok
test_current_geometry_gates_and_ego_exclusion_leave_targets_in_ledger (test_mtr_supervision.MTRSupervisionTests) ... ok
test_labels_match_current_only_keep_missing_and_preserve_inputs (test_mtr_supervision.MTRSupervisionTests) ... ok
test_native_labels_use_six_future_poses_in_fixed_current_frame (test_adaptation_data.AdaptationDataTests) ... ok
test_missing_or_cross_record_future_keeps_mask_without_fabricating_label (test_adaptation_data.AdaptationDataTests) ... ok
test_supervised_q9_uses_generated_parent_even_when_q9_prediction_failed (test_adaptation_data.AdaptationDataTests) ... ok

======================================================================
ERROR: test_frame_contract_rejects_role_forbidden_field_and_source_drift (test_driver_readiness_preparation.DriverReadinessPreparationTests) (mutation='source')
----------------------------------------------------------------------
Traceback (most recent call last):
  File "/root/autodl-tmp/ToolV2X/tests/test_driver_readiness_preparation.py", line 59, in test_frame_contract_rejects_role_forbidden_field_and_source_drift
    module().validate_package(target, source_frames=SOURCE)
  File "/root/autodl-tmp/ToolV2X/scripts/prepare_driver_readiness.py", line 290, in validate_package
    if source_frames is not None and rows != read_jsonl(source_frames):
  File "/root/autodl-tmp/ToolV2X/scripts/prepare_driver_readiness.py", line 62, in read_jsonl
    return [json.loads(line) for line in Path(path).read_text().splitlines() if line.strip()]
  File "/root/miniconda3/lib/python3.8/pathlib.py", line 1236, in read_text
    with self.open(mode='r', encoding=encoding, errors=errors) as f:
  File "/root/miniconda3/lib/python3.8/pathlib.py", line 1222, in open
    return io.open(self, mode, buffering, encoding, errors, newline,
  File "/root/miniconda3/lib/python3.8/pathlib.py", line 1078, in _opener
    return self._accessor.open(self, flags, mode)
FileNotFoundError: [Errno 2] No such file or directory: '/root/autodl-tmp/ToolV2X/.superpowers/sdd/2026-09-15-driver-readiness/source_causal_frames.jsonl'

======================================================================
ERROR: test_frozen_package_validates_actual_configs_selection_and_budget (test_driver_readiness_preparation.DriverReadinessPreparationTests)
----------------------------------------------------------------------
Traceback (most recent call last):
  File "/root/autodl-tmp/ToolV2X/tests/test_driver_readiness_preparation.py", line 34, in test_frozen_package_validates_actual_configs_selection_and_budget
    result = module().validate_package(PACKAGE, source_frames=SOURCE)
  File "/root/autodl-tmp/ToolV2X/scripts/prepare_driver_readiness.py", line 290, in validate_package
    if source_frames is not None and rows != read_jsonl(source_frames):
  File "/root/autodl-tmp/ToolV2X/scripts/prepare_driver_readiness.py", line 62, in read_jsonl
    return [json.loads(line) for line in Path(path).read_text().splitlines() if line.strip()]
  File "/root/miniconda3/lib/python3.8/pathlib.py", line 1236, in read_text
    with self.open(mode='r', encoding=encoding, errors=errors) as f:
  File "/root/miniconda3/lib/python3.8/pathlib.py", line 1222, in open
    return io.open(self, mode, buffering, encoding, errors, newline,
  File "/root/miniconda3/lib/python3.8/pathlib.py", line 1078, in _opener
    return self._accessor.open(self, flags, mode)
FileNotFoundError: [Errno 2] No such file or directory: '/root/autodl-tmp/ToolV2X/.superpowers/sdd/2026-09-15-driver-readiness/source_causal_frames.jsonl'

======================================================================
FAIL: test_public_validate_only_cli_needs_no_private_preparation_inputs (test_driver_readiness_preparation.DriverReadinessPreparationTests) (source_comparison=True)
----------------------------------------------------------------------
Traceback (most recent call last):
  File "/root/autodl-tmp/ToolV2X/tests/test_driver_readiness_preparation.py", line 110, in test_public_validate_only_cli_needs_no_private_preparation_inputs
    self.assertEqual(result.returncode, 0, result.stderr)
AssertionError: 1 != 0 : Traceback (most recent call last):
  File "/root/autodl-tmp/ToolV2X/scripts/prepare_driver_readiness.py", line 353, in <module>
    main()
  File "/root/autodl-tmp/ToolV2X/scripts/prepare_driver_readiness.py", line 342, in main
    result = validate_package(args.out, source_frames=args.source_frames)
  File "/root/autodl-tmp/ToolV2X/scripts/prepare_driver_readiness.py", line 290, in validate_package
    if source_frames is not None and rows != read_jsonl(source_frames):
  File "/root/autodl-tmp/ToolV2X/scripts/prepare_driver_readiness.py", line 62, in read_jsonl
    return [json.loads(line) for line in Path(path).read_text().splitlines() if line.strip()]
  File "/root/miniconda3/lib/python3.8/pathlib.py", line 1236, in read_text
    with self.open(mode='r', encoding=encoding, errors=errors) as f:
  File "/root/miniconda3/lib/python3.8/pathlib.py", line 1222, in open
    return io.open(self, mode, buffering, encoding, errors, newline,
  File "/root/miniconda3/lib/python3.8/pathlib.py", line 1078, in _opener
    return self._accessor.open(self, flags, mode)
FileNotFoundError: [Errno 2] No such file or directory: '/root/autodl-tmp/ToolV2X/.superpowers/sdd/2026-09-15-driver-readiness/source_causal_frames.jsonl'


----------------------------------------------------------------------
Ran 347 tests in 205.396s

FAILED (failures=1, errors=2)
