test_compact_does_not_round_or_merge_nearly_equal_modes (test_compact_evidence.CompactEvidenceTests) ... ok
test_compact_rejects_unknown_gt_fields_and_invalid_path_reference (test_compact_evidence.CompactEvidenceTests) ... ok
test_compact_roundtrip_preserves_modes_sources_missing_fields_and_masks (test_compact_evidence.CompactEvidenceTests) ... ok
test_prompt_uses_decodable_compact_data_and_keeps_native_task_last (test_compact_evidence.CompactEvidenceTests) ... ok
test_boundary_does_not_copy_current_frame_into_missing_past (test_planning_inputs.PlanningInputTests) ... ok
test_ego_motion_uses_past_localization_without_future_pose (test_planning_inputs.PlanningInputTests) ... ok
test_missing_real_frame_and_invalid_index_fail_explicitly (test_planning_inputs.PlanningInputTests) ... ok
test_native_answer_parsing_rejects_ambiguity_and_wrong_length (test_planning_inputs.PlanningInputTests) ... ok
test_only_ego_past_and_current_are_loaded_with_original_axes (test_planning_inputs.PlanningInputTests) ... ok
test_prompt_requires_generated_q8_and_rejects_extra_state_fields (test_planning_inputs.PlanningInputTests) ... ok
test_task_question_follows_evidence_without_copyable_answer_placeholders (test_planning_inputs.PlanningInputTests) ... ok
test_causal_window_rebases_history_into_current_ego_frame (test_protocol.ProtocolTests) ... ok
test_cooperating_vehicle_remains_an_obstacle (test_protocol.ProtocolTests) ... ok
test_invalid_prediction_is_not_treated_as_clear_road (test_protocol.ProtocolTests) ... ok
test_late_ego_annotation_is_not_a_future_obstacle (test_protocol.ProtocolTests) ... ok
test_missing_action_frame_is_rejected_before_scoring (test_protocol.ProtocolTests) ... ok
test_multiple_evaluation_directories_are_not_silently_selected (test_protocol.ProtocolTests) ... ok
test_raw_export_does_not_fill_a_gap_with_future_observations (test_protocol.ProtocolTests) ... ok
test_summary_does_not_invent_bandwidth_or_four_way_ties (test_protocol.ProtocolTests) ... ok
test_window_keeps_masked_gaps_and_remote_only_targets (test_protocol.ProtocolTests) ... ok
test_cost_separates_new_model_fallback_and_roi_returned_targets (test_vehicle_tools.VehicleToolTests) ... ok
test_evidence_rejects_different_record_even_with_same_frame_number (test_vehicle_tools.VehicleToolTests) ... ok
test_full_p_history_round_trips_for_same_information_control (test_vehicle_tools.VehicleToolTests) ... ok
test_no_remote_read_before_query_and_roi_does_not_remove_model_context (test_vehicle_tools.VehicleToolTests) ... ok
test_provider_checks_query_and_keeps_empty_distinct_from_observed_free_space (test_vehicle_tools.VehicleToolTests) ... ok
test_provider_never_caches_a_window_from_another_record_or_time (test_vehicle_tools.VehicleToolTests) ... ok
test_receiver_rejects_future_mismatched_and_extra_payload_fields (test_vehicle_tools.VehicleToolTests) ... ok
test_ego_result_is_invariant_to_peer_contents (test_vehicle_probe.VehicleProbeTests) ... ok
test_empty_packet_is_valid_but_stale_or_nan_is_rejected (test_vehicle_probe.VehicleProbeTests) ... ok
test_history_transferred_to_local_matches_remote_compute (test_vehicle_probe.VehicleProbeTests) ... ok
test_id_collision_does_not_remove_a_remote_only_target (test_vehicle_probe.VehicleProbeTests) ... ok
test_known_velocity_and_short_history_fallback (test_vehicle_probe.VehicleProbeTests) ... ok
test_offline_score_on_hand_checked_stationary_target (test_vehicle_probe.VehicleProbeTests) ... ok
test_one_to_one_geometry_and_pf_deduplication (test_vehicle_probe.VehicleProbeTests) ... ok
test_only_ego_footprint_is_filtered (test_vehicle_probe.VehicleProbeTests) ... ok
test_reference_uses_only_past_ego_poses (test_vehicle_probe.VehicleProbeTests) ... ok
test_stop_candidate_is_marked_infeasible_if_all_candidates_conflict (test_vehicle_probe.VehicleProbeTests) ... ok
test_common_target_scores_exclude_new_targets_from_accuracy_delta (test_learned_probe.LearnedProbeTests) ... ok
test_labels_keep_unmatched_targets_and_mask_missing_future (test_learned_probe.LearnedProbeTests) ... ok
test_learned_residual_rotates_back_from_target_heading (test_learned_probe.LearnedProbeTests) ... ok
test_masked_positions_and_identity_do_not_enter_features (test_learned_probe.LearnedProbeTests) ... ok
test_paired_scoring_uses_common_keys_and_same_truth (test_learned_probe.LearnedProbeTests) ... ok
test_ridge_recovers_known_mapping_with_missing_labels (test_learned_probe.LearnedProbeTests) ... ok
test_summary_is_velocity_capable_and_excludes_history (test_learned_probe.LearnedProbeTests) ... ok
test_zero_model_is_cv_and_same_information_survives_wire (test_learned_probe.LearnedProbeTests) ... ok
test_configured_data_root_supplies_localization (test_review_portability.ReviewPortabilityTests) ... ok
test_framework_archive_keeps_actual_query_costs_and_early_stops (test_saved_review_evidence.SavedReviewEvidenceTests) ... ok
test_framework_generations_match_causal_prompts_and_independent_metrics (test_saved_review_evidence.SavedReviewEvidenceTests) ... ok
test_full_p_recomputation_matches_f_for_the_same_peer_targets (test_saved_review_evidence.SavedReviewEvidenceTests) ... ok
test_real_compact_failure_is_preserved_beside_parseable_baseline (test_saved_review_evidence.SavedReviewEvidenceTests) ... ok
test_saved_supervision_uses_the_generated_parent_and_separate_targets (test_saved_review_evidence.SavedReviewEvidenceTests) ... ok
test_archived_wire_equality_is_checked_for_every_requested_tool (test_wire_comparison.WireComparisonTests) ... ok
test_equal_evidence_and_equal_sizes_do_not_hide_different_wire (test_wire_comparison.WireComparisonTests) ... ok
test_missing_packets_are_unchecked (test_wire_comparison.WireComparisonTests) ... ok
test_no_label_targets_and_nonfinite_predictions_are_explicit (test_prediction_evaluation.PredictionEvaluationTests) ... ok
test_pairing_keeps_target_identity_and_rejects_changed_coverage (test_prediction_evaluation.PredictionEvaluationTests) ... ok
test_top1_is_score_selected_and_missing_endpoint_is_not_scored (test_prediction_evaluation.PredictionEvaluationTests) ... ok
test_missing_last_label_does_not_substitute_an_earlier_endpoint (test_planning_evaluation.PlanningEvaluationTests) ... ok
test_parse_failure_and_wrong_q8_remain_in_aggregate (test_planning_evaluation.PlanningEvaluationTests) ... ok
test_repeated_far_points_retain_initial_jump_but_stationary_origin_is_valid (test_planning_evaluation.PlanningEvaluationTests) ... ok
test_fixed_unique_group_quota_and_no_downstream_fields (test_evidence_audit.EvidenceAuditTests) ... ok
test_history_check_rejects_future_timestamp (test_evidence_audit.EvidenceAuditTests) ... ok
test_independent_history_check_detects_wrong_reference_frame (test_evidence_audit.EvidenceAuditTests) ... ok
test_insufficient_group_is_not_silently_replaced (test_evidence_audit.EvidenceAuditTests) ... ok
test_near_stationary_position_noise_is_not_a_turn (test_evidence_audit.EvidenceAuditTests) ... ok
test_pf_deduplicates_peer_ids_but_preserves_capability_records (test_evidence_audit.EvidenceAuditTests) ... ok
test_direct_supervision_reuses_the_remote_block_without_q8 (test_paired_driving.PairedInputTests) ... ok
test_discontinuity_rule_has_exact_closed_future_and_open_history_boundary (test_paired_driving.PairedInputTests) ... ok
test_remote_block_preserves_literal_ego_block_and_rejects_wrong_time (test_paired_driving.PairedInputTests) ... ok
test_actual_p_result_changes_second_query (test_framework_episode.EpisodeTests) ... ok
test_budget_stops_fixed_pf_after_real_p (test_framework_episode.EpisodeTests) ... ok
test_empty_p_does_not_become_observed_free_space (test_framework_episode.EpisodeTests) ... ok
test_p_can_be_received_without_running_local_predictor (test_framework_episode.EpisodeTests) ... ok
test_receiver_failure_keeps_p_response_and_actual_cost (test_framework_episode.EpisodeTests) ... ok
test_service_failure_keeps_attempt_and_marks_unknown_cost (test_framework_episode.EpisodeTests) ... ok
test_stop_does_not_access_remote_source (test_framework_episode.EpisodeTests) ... ok
test_incomplete_generation_cannot_be_published_as_completed (test_framework_pipeline.PipelineTests) ... ok
test_metric_summary_preserves_invalid_attempts_and_pairs_only_valid_answers (test_framework_pipeline.PipelineTests) ... ok
test_offline_export_preserves_prompt_and_rejects_role_or_frame_mismatch (test_framework_pipeline.PipelineTests) ... ok
test_sampling_counts_physical_recordings_across_scene_segments (test_framework_pipeline.PipelineTests) ... ok
test_training_order_balances_actions_and_resume_does_not_replay_rows (test_framework_pipeline.PipelineTests) ... ok
test_direct_evaluation_excludes_q8_and_retains_trajectory_failures (test_direct_planning.DirectPlanningInputTests) ... ok
test_direct_prompt_has_no_action_parent_and_old_chain_stays_strict (test_direct_planning.DirectPlanningInputTests) ... ok
test_direct_supervision_contains_only_trajectory_target (test_direct_planning.DirectPlanningInputTests) ... ok
test_current_geometry_gates_and_ego_exclusion_leave_targets_in_ledger (test_mtr_supervision.MTRSupervisionTests) ... ok
test_labels_match_current_only_keep_missing_and_preserve_inputs (test_mtr_supervision.MTRSupervisionTests) ... ok
test_native_labels_use_six_future_poses_in_fixed_current_frame (test_adaptation_data.AdaptationDataTests) ... ok
test_missing_or_cross_record_future_keeps_mask_without_fabricating_label (test_adaptation_data.AdaptationDataTests) ... ok
test_supervised_q9_uses_generated_parent_even_when_q9_prediction_failed (test_adaptation_data.AdaptationDataTests) ... ok

----------------------------------------------------------------------
Ran 89 tests in 0.607s

OK
