kwargs:  {'device_map': 'cuda:0', 'my_model_config': {'mm_scene_projector_input_size': 3072, 'scene_level_only': False, 'object_level_only': False, 'scene_feature_mode': 'shallow', 'object_feature_mode': 'shallow', 'num_input_frames': 2, 'ego_only': True, 'feature_source': 'no_fusion_keep_all', 'dataset_source': 'v2v4real', 'num_latency_frames': 0, 'positional_error_std': 0.0}, 'attn_implementation': 'flash_attention_2'}
Loading LLaVA from base model...
kwargs["my_model_config"]:  {'mm_scene_projector_input_size': 3072, 'scene_level_only': False, 'object_level_only': False, 'scene_feature_mode': 'shallow', 'object_feature_mode': 'shallow', 'num_input_frames': 2, 'ego_only': True, 'feature_source': 'no_fusion_keep_all', 'dataset_source': 'v2v4real', 'num_latency_frames': 0, 'positional_error_std': 0.0}
my_model_config:  {'mm_scene_projector_input_size': 3072, 'scene_level_only': False, 'object_level_only': False, 'scene_feature_mode': 'shallow', 'object_feature_mode': 'shallow', 'num_input_frames': 2, 'ego_only': True, 'feature_source': 'no_fusion_keep_all', 'dataset_source': 'v2v4real', 'num_latency_frames': 0, 'positional_error_std': 0.0}
config:  LlavaConfig {
  "_name_or_path": "/root/autodl-tmp/ToolV2X/models/llava-v1.5-7b",
  "architectures": [
    "LlavaLlamaForCausalLM"
  ],
  "attention_bias": false,
  "attention_dropout": 0.0,
  "bos_token_id": 1,
  "ego_only": true,
  "eos_token_id": 2,
  "freeze_mm_mlp_adapter": false,
  "freeze_mm_vision_resampler": false,
  "hidden_act": "silu",
  "hidden_size": 4096,
  "image_aspect_ratio": "pad",
  "initializer_range": 0.02,
  "intermediate_size": 11008,
  "max_length": 4096,
  "max_position_embeddings": 4096,
  "mm_hidden_size": 1024,
  "mm_patch_merge_type": "flat",
  "mm_projector_lr": 2e-05,
  "mm_projector_type": "mlp2x_gelu",
  "mm_resampler_type": null,
  "mm_scene_projector_input_size": 3072,
  "mm_use_im_patch_token": false,
  "mm_use_im_start_end": false,
  "mm_vision_select_feature": "patch",
  "mm_vision_select_layer": -2,
  "mm_vision_tower": "/root/autodl-tmp/ToolV2X/models/clip-vit-large-patch14-336",
  "model_type": "llava_llama",
  "num_attention_heads": 32,
  "num_hidden_layers": 32,
  "num_key_value_heads": 32,
  "object_feature_mode": "shallow",
  "object_level_only": false,
  "pad_token_id": 0,
  "pretraining_tp": 1,
  "rms_norm_eps": 1e-05,
  "rope_scaling": null,
  "rope_theta": 10000.0,
  "scene_feature_mode": "shallow",
  "tie_word_embeddings": false,
  "tokenizer_model_max_length": 2048,
  "tokenizer_padding_side": "right",
  "torch_dtype": "float16",
  "transformers_version": "4.37.2",
  "tune_mm_mlp_adapter": false,
  "tune_mm_vision_resampler": false,
  "unfreeze_mm_vision_tower": false,
  "use_cache": false,
  "use_mm_proj": true,
  "vocab_size": 32000
}

mm_scene_projector_input_size:  3072
Loading checkpoint shards:   0%|          | 0/2 [00:00<?, ?it/s]/root/autodl-tmp/conda-envs/llava/lib/python3.8/site-packages/torch/_utils.py:831: UserWarning: TypedStorage is deprecated. It will be removed in the future and UntypedStorage will be the only storage class. This should only matter to you if you are using storages directly.  To access UntypedStorage directly, use tensor.untyped_storage() instead of tensor.storage()
  return self.fget.__get__(instance, owner)()
Loading checkpoint shards:  50%|█████     | 1/2 [00:02<00:02,  2.91s/it]Loading checkpoint shards: 100%|██████████| 2/2 [00:03<00:00,  1.79s/it]Loading checkpoint shards: 100%|██████████| 2/2 [00:03<00:00,  1.96s/it]
Some weights of LlavaLlamaForCausalLM were not initialized from the model checkpoint at /root/autodl-tmp/ToolV2X/models/llava-v1.5-7b and are newly initialized: ['model.mm_scene_projector.0.bias', 'model.mm_scene_projector.0.weight', 'model.mm_scene_projector.2.bias', 'model.mm_scene_projector.2.weight']
You should probably TRAIN this model on a down-stream task to be able to use it for predictions and inference.
Token indices sequence length is longer than the specified maximum sequence length for this model (2851 > 2048). Running this sequence through the model will result in indexing errors
Loading additional LLaVA weights...
model_path:  /root/autodl-tmp/ToolV2X/outputs/framework_training_check_v1/loaded_adapter
name:  model.mm_projector.0.weight
param.data.shape:  torch.Size([4096, 1024])
torch.sum(param.data):  tensor(-748., device='cuda:0', dtype=torch.bfloat16)
name:  model.mm_projector.0.bias
param.data.shape:  torch.Size([4096])
torch.sum(param.data):  tensor(-17.6250, device='cuda:0', dtype=torch.bfloat16)
name:  model.mm_projector.2.weight
param.data.shape:  torch.Size([4096, 4096])
torch.sum(param.data):  tensor(229., device='cuda:0', dtype=torch.bfloat16)
name:  model.mm_projector.2.bias
param.data.shape:  torch.Size([4096])
torch.sum(param.data):  tensor(-12.2500, device='cuda:0', dtype=torch.bfloat16)
name:  model.mm_scene_projector.0.weight
param.data.shape:  torch.Size([4096, 3072])
torch.sum(param.data):  tensor(-15.0625, device='cuda:0', dtype=torch.bfloat16)
name:  model.mm_scene_projector.0.bias
param.data.shape:  torch.Size([4096])
torch.sum(param.data):  tensor(0., device='cuda:0', dtype=torch.bfloat16)
name:  model.mm_scene_projector.2.weight
param.data.shape:  torch.Size([4096, 4096])
torch.sum(param.data):  tensor(36.5000, device='cuda:0', dtype=torch.bfloat16)
name:  model.mm_scene_projector.2.bias
param.data.shape:  torch.Size([4096])
torch.sum(param.data):  tensor(0., device='cuda:0', dtype=torch.bfloat16)
After loading non_lora_trainables

name:  model.mm_projector.0.weight
torch.sum(param.data):  tensor(-824., device='cuda:0', dtype=torch.bfloat16)
name:  model.mm_projector.0.bias
torch.sum(param.data):  tensor(-17.6250, device='cuda:0', dtype=torch.bfloat16)
name:  model.mm_projector.2.weight
torch.sum(param.data):  tensor(117., device='cuda:0', dtype=torch.bfloat16)
name:  model.mm_projector.2.bias
torch.sum(param.data):  tensor(-12.2500, device='cuda:0', dtype=torch.bfloat16)
name:  model.mm_scene_projector.0.weight
torch.sum(param.data):  tensor(-10.3125, device='cuda:0', dtype=torch.bfloat16)
name:  model.mm_scene_projector.0.bias
torch.sum(param.data):  tensor(0., device='cuda:0', dtype=torch.bfloat16)
name:  model.mm_scene_projector.2.weight
torch.sum(param.data):  tensor(-4.0938, device='cuda:0', dtype=torch.bfloat16)
name:  model.mm_scene_projector.2.bias
torch.sum(param.data):  tensor(0., device='cuda:0', dtype=torch.bfloat16)
Loading LoRA weights...
Model is loaded...
{"epoch": 0, "next_row": 8, "steps": 1, "examples_seen": 8, "loss": 1.0935722589492798, "gradient_norm": 15.238007545471191, "elapsed_seconds": 12.383276829030365}
{"epoch": 0, "next_row": 16, "steps": 2, "examples_seen": 16, "loss": 0.45321804098784924, "gradient_norm": 9.249606132507324, "elapsed_seconds": 26.032820459920913}
/root/autodl-tmp/conda-envs/llava/lib/python3.8/site-packages/peft/utils/save_and_load.py:154: UserWarning: Could not find a config file in liuhaotian/llava-v1.5-7b - will assume that the vocabulary was not modified.
  warnings.warn(
Some non-default generation parameters are set in the model config. These should go into a GenerationConfig file (https://huggingface.co/docs/transformers/generation_strategies#save-a-custom-decoding-strategy-with-your-model) instead. This warning will be raised to an exception in v4.41.
Non-default generation parameters: {'max_length': 4096}
